QLD (Version 4.8.1)- Link/Load Summary: 'debug\u3_Debug.s19'
SCRIPT FILES FROM THE FOLLOWING PATH(S):
  'C:/Program Files (x86)/GMV/EducDist/config/xcc12'

SCRIPT READ FROM THE FOLLOWING FILE(S):
  'default.lsc'

---------------------------
 SEARCHED LIBRARIES:
 'C:/Program Files (x86)/GMV/EducDist/lib/xcc12/libcd.e12'
 'C:/Program Files (x86)/GMV/EducDist/lib/xcc12/libed.e12'
 'C:/Program Files (x86)/GMV/EducDist/lib/xcc12/librtkd.e12'
 'C:/Program Files (x86)/GMV/EducDist/lib/xcc12/libccd.e12'

---------------------------
 PROGRAM ENTRY:'__start'
---------------------------
 GROUPS AND SEGMENTS:

  GROUP 'test_group', READ/WRITE ,allocation to: 00001000 - 00001367, (size: 872 Bytes)
   00001000 00001009 'init'
   0000100A 00001361 'text'
   00001362 00001367 'bss'

  GROUP 'interrupt_vectors', READ/WRITE
   NO SEGMENTS

  GROUP 'const_group',
   NO SEGMENTS
---------------------------
LINKER DEFINED CONSTANTS:
   __rom_code_enabled = 0
   __heap_start = 00001368
  from segment 'text'
   0000100A '__text__start'
   00001362 '__text__end'
   00000358 '__text__size'
  from segment 'init'
   00001000 '__init__start'
   0000100A '__init__end'
   0000000A '__init__size'
  from segment 'bss'
   00001362 '__bss__start'
   00001368 '__bss__end'
   00000006 '__bss__size'
  from segment 'data'
   00000000 '__data__start'
   00000000 '__data__end'
   00000000 '__data__size'
  from segment 'rodata'
   00000000 '__rodata__start'
   00000000 '__rodata__end'
   00000000 '__rodata__size'
---------------------------
GLOBAL SYMBOL(S):

 in module: 'startup' of type 'O12' defined in file 'startup.o12'
  in segment: 'init'
   00001006 '_exit'
   00001000 '__start'

 in module: 'clock' of type 'O12' defined in file 'clock.o12'
  in segment: 'text'
   00001071 '_hold'
   0000100A '_init_clock'
   00001069 '_get_time'
   0000103E '_clock_inter'
  in segment: 'bss'
   00001367 '_crgflgshadow'
   00001366 '_crgintshadow'

 in module: 'interrupt' of type 'O12' defined in file 'interrupt.o12'
  in segment: 'text'
   0000109F '_IRQ_r'
   0000109C '_clear_i'

 in module: 'main' of type 'O12' defined in file 'main.o12'
  in segment: 'text'
   000010A3 '_main'

 in module: 'displayML15' of type 'O12' defined in file 'displayML15.o12'
  in segment: 'text'
   000010E0 '_display_digits'
   00001114 '_display_dec'

 in module: '_add32' of type 'O12' defined in file '_add32.o12'
  in segment: 'text'
   00001157 'add32'

 in module: '_cmp32' of type 'O12' defined in file '_cmp32.o12'
  in segment: 'text'
   00001166 'cmp32'

 in module: '_div32' of type 'O12' defined in file '_div32.o12'
  in segment: 'text'
   00001253 'divs32'
   0000117F 'divu32'

 in module: '_and32' of type 'O12' defined in file '_and32.o12'
  in segment: 'text'
   0000131C 'and32'

 in module: '_or32' of type 'O12' defined in file '_or32.o12'
  in segment: 'text'
   0000132B 'or32'

 in module: '_shl32' of type 'O12' defined in file '_shl32.o12'
  in segment: 'text'
   0000133A 'shl32'

 in module: '_sub32' of type 'O12' defined in file '_sub32.o12'
  in segment: 'text'
   00001353 'sub32'
---
 End of listfile
