QLD (Version 4.8.1)- Link/Load Summary: 'debug\u4_Debug.s19'
SCRIPT FILES FROM THE FOLLOWING PATH(S):
  'C:/Program Files (x86)/GMV/EducDist/config/xcc12'

SCRIPT READ FROM THE FOLLOWING FILE(S):
  'default.lsc'

---------------------------
 SEARCHED LIBRARIES:
 'C:/Program Files (x86)/GMV/EducDist/lib/xcc12/libcd.e12'
 'C:/Program Files (x86)/GMV/EducDist/lib/xcc12/libed.e12'
 'C:/Program Files (x86)/GMV/EducDist/lib/xcc12/librtkd.e12'
 'C:/Program Files (x86)/GMV/EducDist/lib/xcc12/libccd.e12'

---------------------------
 PROGRAM ENTRY:'__start'
---------------------------
 GROUPS AND SEGMENTS:

  GROUP 'test_group', READ/WRITE ,allocation to: 00001000 - 0000140F, (size: 1040 Bytes)
   00001000 00001009 'init'
   0000100A 000013B3 'text'
   000013B4 00001407 'rodata'
   00001408 0000140F 'bss'

  GROUP 'interrupt_vectors', READ/WRITE
   NO SEGMENTS

  GROUP 'const_group',
   NO SEGMENTS
---------------------------
LINKER DEFINED CONSTANTS:
   __rom_code_enabled = 0
   __heap_start = 00001410
  from segment 'text'
   0000100A '__text__start'
   000013B4 '__text__end'
   000003AA '__text__size'
  from segment 'bss'
   00001408 '__bss__start'
   00001410 '__bss__end'
   00000008 '__bss__size'
  from segment 'data'
   00000000 '__data__start'
   00000000 '__data__end'
   00000000 '__data__size'
  from segment 'rodata'
   000013B4 '__rodata__start'
   00001408 '__rodata__end'
   00000054 '__rodata__size'
  from segment 'init'
   00001000 '__init__start'
   0000100A '__init__end'
   0000000A '__init__size'
---------------------------
GLOBAL SYMBOL(S):

 in module: 'clock' of type 'O12' defined in file 'clock.o12'
  in segment: 'text'
   0000106B '_hold'
   0000100A '_init_clock'
   00001063 '_get_time'
   00001038 '_clock_inter'
  in segment: 'bss'
   0000140D '_crgflgshadow'
   0000140C '_crgintshadow'

 in module: 'main' of type 'O12' defined in file 'main.o12'
  in segment: 'text'
   00001096 '_main'

 in module: 'startup' of type 'O12' defined in file 'startup.o12'
  in segment: 'init'
   00001006 '_exit'
   00001000 '__start'

 in module: 'drill' of type 'O12' defined in file 'drill.o12'
  in segment: 'text'
   0000119D '_MotorStop'
   000011B3 '_DrillUp'
   00001250 '_NStep'
   000011BE '_Alarm'
   0000113E '_Outzero'
   0000117B '_MotorStart'
   00001271 '_DrillDownTest'
   000012EE '_DoAuto'
   000012C5 '_RefPos'
   00001104 '_Outone'
   000012B3 '_DrillHole'
   000011A8 '_DrillDown'
   00001204 '_Step'

 in module: 'interrupt' of type 'O12' defined in file 'interrupt.o12'
  in segment: 'text'
   0000135B '_IRQ_r'
   00001358 '_clear_i'

 in module: 'keyboardML15' of type 'O12' defined in file 'keyboardML15.o12'
  in segment: 'text'
   0000135F '_get_key'

 in module: '_add32' of type 'O12' defined in file '_add32.o12'
  in segment: 'text'
   0000138C 'add32'

 in module: '_cmp32' of type 'O12' defined in file '_cmp32.o12'
  in segment: 'text'
   0000139B 'cmp32'
---
 End of listfile
