QLD (Version 4.8.1)- Link/Load Summary: 'debug\u4_Debug.s19'
SCRIPT FILES FROM THE FOLLOWING PATH(S):
  'C:/Program Files (x86)/GMV/EducDist/config/xcc12'

SCRIPT READ FROM THE FOLLOWING FILE(S):
  'default.lsc'

---------------------------
 SEARCHED LIBRARIES:
 'C:/Program Files (x86)/GMV/EducDist/lib/xcc12/libcd.e12'
 'C:/Program Files (x86)/GMV/EducDist/lib/xcc12/libed.e12'
 'C:/Program Files (x86)/GMV/EducDist/lib/xcc12/librtkd.e12'
 'C:/Program Files (x86)/GMV/EducDist/lib/xcc12/libccd.e12'

---------------------------
 PROGRAM ENTRY:'__start'
---------------------------
 GROUPS AND SEGMENTS:

  GROUP 'test_group', READ/WRITE ,allocation to: 00001000 - 000013E9, (size: 1002 Bytes)
   00001000 00001009 'init'
   0000100A 000013B7 'text'
   000013B8 000013E1 'data'
   000013E2 000013E9 'bss'

  GROUP 'interrupt_vectors', READ/WRITE
   NO SEGMENTS

  GROUP 'const_group',
   NO SEGMENTS
---------------------------
LINKER DEFINED CONSTANTS:
   __rom_code_enabled = 0
   __heap_start = 000013EA
  from segment 'text'
   0000100A '__text__start'
   000013B8 '__text__end'
   000003AE '__text__size'
  from segment 'bss'
   000013E2 '__bss__start'
   000013EA '__bss__end'
   00000008 '__bss__size'
  from segment 'data'
   000013B8 '__data__start'
   000013E2 '__data__end'
   0000002A '__data__size'
  from segment 'rodata'
   00000000 '__rodata__start'
   00000000 '__rodata__end'
   00000000 '__rodata__size'
  from segment 'init'
   00001000 '__init__start'
   0000100A '__init__end'
   0000000A '__init__size'
---------------------------
GLOBAL SYMBOL(S):

 in module: 'clock' of type 'O12' defined in file 'clock.o12'
  in segment: 'text'
   0000106B '_hold'
   0000100A '_init_clock'
   00001063 '_get_time'
   00001038 '_clock_inter'
  in segment: 'bss'
   000013E7 '_crgflgshadow'
   000013E6 '_crgintshadow'

 in module: 'main' of type 'O12' defined in file 'main.o12'
  in segment: 'text'
   00001096 '_main'

 in module: 'startup' of type 'O12' defined in file 'startup.o12'
  in segment: 'init'
   00001006 '_exit'
   00001000 '__start'

 in module: 'drill' of type 'O12' defined in file 'drill.o12'
  in segment: 'text'
   0000118F '_MotorStop'
   000011A5 '_DrillUp'
   000011B0 '_Alarm'
   00001136 '_Outzero'
   0000123F '_Nstep'
   00001177 '_MotorStart'
   0000126A '_DrillDownTest'
   000012F1 '_DoAuto'
   000012C8 '_RefPos'
   000010FB '_Outone'
   000012B6 '_DrillHole'
   000010F6 '_DrillInit'
   0000119A '_DrillDown'
   000011F6 '_Step'

 in module: 'interrupt' of type 'O12' defined in file 'interrupt.o12'
  in segment: 'text'
   0000135F '_IRQ_r'
   0000135C '_clear_i'

 in module: 'keyboardML15' of type 'O12' defined in file 'keyboardML15.o12'
  in segment: 'text'
   00001363 '_get_key'

 in module: '_add32' of type 'O12' defined in file '_add32.o12'
  in segment: 'text'
   00001390 'add32'

 in module: '_cmp32' of type 'O12' defined in file '_cmp32.o12'
  in segment: 'text'
   0000139F 'cmp32'
---
 End of listfile
