QLD (Version 4.8.1)- Link/Load Summary: 'debug\u4_Debug.s19'
SCRIPT FILES FROM THE FOLLOWING PATH(S):
  'C:/Program Files (x86)/GMV/EducDist/config/xcc12'

SCRIPT READ FROM THE FOLLOWING FILE(S):
  'default.lsc'

---------------------------
 SEARCHED LIBRARIES:
 'C:/Program Files (x86)/GMV/EducDist/lib/xcc12/libcd.e12'
 'C:/Program Files (x86)/GMV/EducDist/lib/xcc12/libed.e12'
 'C:/Program Files (x86)/GMV/EducDist/lib/xcc12/librtkd.e12'
 'C:/Program Files (x86)/GMV/EducDist/lib/xcc12/libccd.e12'

---------------------------
 PROGRAM ENTRY:'__start'
---------------------------
 GROUPS AND SEGMENTS:

  GROUP 'test_group', READ/WRITE ,allocation to: 00001000 - 000014A5, (size: 1190 Bytes)
   00001000 00001009 'init'
   0000100A 0000149D 'text'
   0000149E 000014A5 'bss'

  GROUP 'interrupt_vectors', READ/WRITE
   NO SEGMENTS

  GROUP 'const_group',
   NO SEGMENTS
---------------------------
LINKER DEFINED CONSTANTS:
   __rom_code_enabled = 0
   __heap_start = 000014A6
  from segment 'text'
   0000100A '__text__start'
   0000149E '__text__end'
   00000494 '__text__size'
  from segment 'bss'
   0000149E '__bss__start'
   000014A6 '__bss__end'
   00000008 '__bss__size'
  from segment 'data'
   00000000 '__data__start'
   00000000 '__data__end'
   00000000 '__data__size'
  from segment 'rodata'
   00000000 '__rodata__start'
   00000000 '__rodata__end'
   00000000 '__rodata__size'
  from segment 'init'
   00001000 '__init__start'
   0000100A '__init__end'
   0000000A '__init__size'
---------------------------
GLOBAL SYMBOL(S):

 in module: 'clock' of type 'O12' defined in file 'clock.o12'
  in segment: 'text'
   0000106B '_hold'
   0000100A '_init_clock'
   00001063 '_get_time'
   00001038 '_clock_inter'
  in segment: 'bss'
   000014A3 '_crgflgshadow'
   000014A2 '_crgintshadow'

 in module: 'main' of type 'O12' defined in file 'main.o12'
  in segment: 'text'
   00001096 '_main'

 in module: 'startup' of type 'O12' defined in file 'startup.o12'
  in segment: 'init'
   00001006 '_exit'
   00001000 '__start'

 in module: 'drill' of type 'O12' defined in file 'drill.o12'
  in segment: 'text'
   00001164 '_MotorStop'
   0000117A '_DrillUp'
   00001217 '_NStep'
   00001185 '_Alarm'
   00001105 '_Outzero'
   00001142 '_MotorStart'
   00001238 '_DrillDownTest'
   000010CB '_Outone'
   0000127A '_DrillHole'
   0000116F '_DrillDown'
   000011CB '_Step'

 in module: 'interrupt' of type 'O12' defined in file 'interrupt.o12'
  in segment: 'text'
   0000128F '_IRQ_r'
   0000128C '_clear_i'

 in module: '_add32' of type 'O12' defined in file '_add32.o12'
  in segment: 'text'
   00001293 'add32'

 in module: '_cmp32' of type 'O12' defined in file '_cmp32.o12'
  in segment: 'text'
   000012A2 'cmp32'

 in module: '_div32' of type 'O12' defined in file '_div32.o12'
  in segment: 'text'
   0000138F 'divs32'
   000012BB 'divu32'

 in module: '_and32' of type 'O12' defined in file '_and32.o12'
  in segment: 'text'
   00001458 'and32'

 in module: '_or32' of type 'O12' defined in file '_or32.o12'
  in segment: 'text'
   00001467 'or32'

 in module: '_shl32' of type 'O12' defined in file '_shl32.o12'
  in segment: 'text'
   00001476 'shl32'

 in module: '_sub32' of type 'O12' defined in file '_sub32.o12'
  in segment: 'text'
   0000148F 'sub32'
---
 End of listfile
