QA12 - MC68HC12 Absolute crossassembler, Version 1.6.3
(c) GMV 1989-2013


File: Main.lst
                            1. 	use	Labdefs.s12
---- File: "Labdefs.s12"
                            2. ;Adresser
       0000 0600            3. DipSwitch	equ	$600
       0000 0700            4. HexDisplay	equ	$700
       0000 0400            5. DrillControl	equ	$400
                            6. 
                            7. 
000000                      8. #ifdef	SIMULATOR
                           15. #else
       0000 0600           16. DrillStatus	equ	$600
       0000 0004           17. DelayConst	EQU	4
                           18. #endif
       0000 0400           19. OutPort	equ	$400
---- File: "C:\Users\Erik\Documents\GitHub\PIS\Lab1\Main.s12"
000000                     20. 	
001000                     21. 	org	$1000
001000                     22. 	
                           23. ;----------------------------------
                           24. ;	MAIN
                           25. ;----------------------------------	
001000                     26. 	
001000                     27. main_loop:
"C:/Users/Erik/Documents/GitHub/PIS/Lab1/Main.s12" line 11, ERROR: Undefined symbol 'GetKbdML15'
001000 16 00 00            28. 	jsr	GetKbdML15	; Tangent till register B
"C:/Users/Erik/Documents/GitHub/PIS/Lab1/Main.s12" line 12, ERROR: Undefined symbol 'Command'
001003 16 00 00            29. 	jsr	Command
001006 20 F8               30. 	bra	main_loop
001008                     31. 	
                           32. ;----------------------------------
                           33. ;	COMMAND
                           34. ;----------------------------------	
                           35. 
001008 C1 07               36. 	cmpb	#7
00100A 22 08               37. 	bhi	CommandExit
00100C CE 10 15            38. 	ldx	#JUMPTAB
00100F 58                  39. 	aslb		; 2 bytes per adress
001010                     40. 	ldx	b,x	; ladda rutinen
001012 15 00               41. 	jsr	,x
001014                     42. CommandExit:
001014 3D                  43. 	rts
                           44. 
                           45. ;---------------------------------
                           46. ;	Tabell med kommandon
                           47. 
"C:/Users/Erik/Documents/GitHub/PIS/Lab1/Main.s12" line 31, ERROR: Unterminated expression, Position[32]
001015 10 25 10 2B 10 31   48. JUMPTAB	fdb	SUB0,SUB1,SUB2,SUB3,
       10 37            
"C:/Users/Erik/Documents/GitHub/PIS/Lab1/Main.s12" line 32, ERROR: Unterminated expression, Position[25]
00101D 10 3D 10 43 10 49   49. 	fdb	SUB4,SUB5,SUB6,SUB7,
       10 4F            
001025                     50. 	
                           51. ;---------------------------------
                           52. ;	Subrutiner för test
                           53. 
001025 18 0B 00 04 00      54. SUB0	movb	#0,OutPort
00102A 3D                  55. 	rts
00102B 18 0B 00 04 00      56. SUB1	movb	#0,OutPort
001030 3D                  57. 	rts
001031 18 0B 00 04 00      58. SUB2	movb	#0,OutPort
001036 3D                  59. 	rts
001037 18 0B 00 04 00      60. SUB3	movb	#0,OutPort
00103C 3D                  61. 	rts
00103D 18 0B 00 04 00      62. SUB4	movb	#0,OutPort
001042 3D                  63. 	rts
001043 18 0B 00 04 00      64. SUB5	movb	#0,OutPort
001048 3D                  65. 	rts
001049 18 0B 00 04 00      66. SUB6	movb	#0,OutPort
00104E 3D                  67. 	rts
00104F 18 0B 00 04 00      68. SUB7	movb	#0,OutPort
001054 3D                  69. 	rts
001055                     70. 	
                           71. ;-------------------------------
                           72. ;	File uses
                           73. ;-------------------------------	
001055                     74. 	
"C:/Users/Erik/Documents/GitHub/PIS/Lab1/Main.s12" line 58, ERROR: File not found: 'ML15drvr.s12'
                           75. 	use	ML15drvr.s12
                           76. 
                           77. ;------------------------------
                           78. ;	Globala variabler
                           79. ;------------------------------
                           80. 
001055 00                  81. DCShadow:	rmb	1
001056                     82. 	

****** Total Errors: 5
